2025-12-07 06:55:55.613 [main] INFO  c.s.backend.SolidarLinkApplication - Starting SolidarLinkApplication using Java 17.0.11 with PID 17676 (C:\Users\PC\Desktop\Grain\projet\back\target\classes started by PC in C:\Users\PC\Desktop\Grain\projet\back)
2025-12-07 06:55:55.686 [main] INFO  c.s.backend.SolidarLinkApplication - No active profile set, falling back to 1 default profile: "default"
2025-12-07 06:56:03.627 [main] INFO  o.a.coyote.http11.Http11NioProtocol - Initializing ProtocolHandler ["http-nio-8080"]
2025-12-07 06:56:03.638 [main] INFO  o.a.catalina.core.StandardService - Starting service [Tomcat]
2025-12-07 06:56:03.646 [main] INFO  o.a.catalina.core.StandardEngine - Starting Servlet engine: [Apache Tomcat/10.1.16]
2025-12-07 06:56:03.859 [main] INFO  o.a.c.c.C.[Tomcat].[localhost].[/] - Initializing Spring embedded WebApplicationContext
2025-12-07 06:56:05.035 [main] INFO  com.zaxxer.hikari.HikariDataSource - HikariPool-1 - Starting...
2025-12-07 06:56:05.419 [main] INFO  com.zaxxer.hikari.pool.HikariPool - HikariPool-1 - Added connection org.postgresql.jdbc.PgConnection@600bbf9e
2025-12-07 06:56:05.421 [main] INFO  com.zaxxer.hikari.HikariDataSource - HikariPool-1 - Start completed.
2025-12-07 06:56:05.553 [main] WARN  org.hibernate.orm.deprecation - HHH90000025: PostgreSQLDialect does not need to be specified explicitly using 'hibernate.dialect' (remove the property setting and it will be selected by default)
2025-12-07 06:56:13.124 [main] WARN  o.s.b.a.o.j.JpaBaseConfiguration$JpaWebConfiguration - spring.jpa.open-in-view is enabled by default. Therefore, database queries may be performed during view rendering. Explicitly configure spring.jpa.open-in-view to disable this warning
2025-12-07 06:56:15.245 [main] INFO  o.a.coyote.http11.Http11NioProtocol - Starting ProtocolHandler ["http-nio-8080"]
2025-12-07 06:56:15.265 [main] WARN  o.s.b.w.s.c.AnnotationConfigServletWebServerApplicationContext - Exception encountered during context initialization - cancelling refresh attempt: org.springframework.context.ApplicationContextException: Failed to start bean 'webServerStartStop'
2025-12-07 06:56:15.290 [main] INFO  com.zaxxer.hikari.HikariDataSource - HikariPool-1 - Shutdown initiated...
2025-12-07 06:56:15.398 [main] INFO  com.zaxxer.hikari.HikariDataSource - HikariPool-1 - Shutdown completed.
2025-12-07 06:56:15.541 [main] ERROR o.s.b.d.LoggingFailureAnalysisReporter - 

***************************
APPLICATION FAILED TO START
***************************

Description:

Web server failed to start. Port 8080 was already in use.

Action:

Identify and stop the process that's listening on port 8080 or configure this application to listen on another port.

2025-12-07 06:57:58.973 [main] INFO  c.s.backend.SolidarLinkApplication - Starting SolidarLinkApplication using Java 17.0.11 with PID 20864 (C:\Users\PC\Desktop\Grain\projet\back\target\classes started by PC in C:\Users\PC\Desktop\Grain\projet\back)
2025-12-07 06:57:58.987 [main] INFO  c.s.backend.SolidarLinkApplication - No active profile set, falling back to 1 default profile: "default"
2025-12-07 06:58:06.439 [main] INFO  o.a.coyote.http11.Http11NioProtocol - Initializing ProtocolHandler ["http-nio-8080"]
2025-12-07 06:58:06.448 [main] INFO  o.a.catalina.core.StandardService - Starting service [Tomcat]
2025-12-07 06:58:06.451 [main] INFO  o.a.catalina.core.StandardEngine - Starting Servlet engine: [Apache Tomcat/10.1.16]
2025-12-07 06:58:06.733 [main] INFO  o.a.c.c.C.[Tomcat].[localhost].[/] - Initializing Spring embedded WebApplicationContext
2025-12-07 06:58:07.785 [main] INFO  com.zaxxer.hikari.HikariDataSource - HikariPool-1 - Starting...
2025-12-07 06:58:08.281 [main] INFO  com.zaxxer.hikari.pool.HikariPool - HikariPool-1 - Added connection org.postgresql.jdbc.PgConnection@c497a55
2025-12-07 06:58:08.286 [main] INFO  com.zaxxer.hikari.HikariDataSource - HikariPool-1 - Start completed.
2025-12-07 06:58:08.419 [main] WARN  org.hibernate.orm.deprecation - HHH90000025: PostgreSQLDialect does not need to be specified explicitly using 'hibernate.dialect' (remove the property setting and it will be selected by default)
2025-12-07 06:58:20.713 [main] WARN  o.s.b.a.o.j.JpaBaseConfiguration$JpaWebConfiguration - spring.jpa.open-in-view is enabled by default. Therefore, database queries may be performed during view rendering. Explicitly configure spring.jpa.open-in-view to disable this warning
2025-12-07 06:58:22.589 [main] INFO  o.a.coyote.http11.Http11NioProtocol - Starting ProtocolHandler ["http-nio-8080"]
2025-12-07 06:58:22.769 [main] INFO  c.s.backend.SolidarLinkApplication - Started SolidarLinkApplication in 25.667 seconds (process running for 26.917)
2025-12-07 06:58:23.060 [main] DEBUG org.hibernate.SQL - select u1_0.id,u1_0.avatar_url,u1_0.competences,u1_0.disponibilite,u1_0.document_type,u1_0.document_url,u1_0.email,u1_0.hours_volunteered,u1_0.is_banned,u1_0.is_validated,u1_0.level,u1_0.missions_completed,u1_0.nom,u1_0.password,u1_0.points,u1_0.prenom,u1_0.role,u1_0.telephone,u1_0.zone_action from _user u1_0 where u1_0.email=?
2025-12-07 07:00:21.398 [http-nio-8080-exec-1] INFO  o.a.c.c.C.[Tomcat].[localhost].[/] - Initializing Spring DispatcherServlet 'dispatcherServlet'
